// Jest Snapshot v1, https://goo.gl/fbAQLP

exports[`montoTotal renders properly  1`] = `
ShallowWrapper {
  Symbol(enzyme.__root__): [Circular],
  Symbol(enzyme.__unrendered__): <MontoTotal />,
  Symbol(enzyme.__renderer__): Object {
    "batchedUpdates": [Function],
    "getNode": [Function],
    "render": [Function],
    "simulateError": [Function],
    "simulateEvent": [Function],
    "unmount": [Function],
  },
  Symbol(enzyme.__node__): Object {
    "instance": null,
    "key": undefined,
    "nodeType": "host",
    "props": Object {
      "children": Array [
        <span>
          Monto actual
        </span>,
        <span
          className="monto t-azul"
        >
          <i
            className="fa fa-bitcoin"
          />
           
        </span>,
      ],
      "className": "monto-total",
    },
    "ref": null,
    "rendered": Array [
      Object {
        "instance": null,
        "key": undefined,
        "nodeType": "host",
        "props": Object {
          "children": "Monto actual",
        },
        "ref": null,
        "rendered": "Monto actual",
        "type": "span",
      },
      Object {
        "instance": null,
        "key": undefined,
        "nodeType": "host",
        "props": Object {
          "children": Array [
            <i
              className="fa fa-bitcoin"
            />,
            " ",
            undefined,
          ],
          "className": "monto t-azul",
        },
        "ref": null,
        "rendered": Array [
          Object {
            "instance": null,
            "key": undefined,
            "nodeType": "host",
            "props": Object {
              "className": "fa fa-bitcoin",
            },
            "ref": null,
            "rendered": null,
            "type": "i",
          },
          " ",
          undefined,
        ],
        "type": "span",
      },
    ],
    "type": "div",
  },
  Symbol(enzyme.__nodes__): Array [
    Object {
      "instance": null,
      "key": undefined,
      "nodeType": "host",
      "props": Object {
        "children": Array [
          <span>
            Monto actual
          </span>,
          <span
            className="monto t-azul"
          >
            <i
              className="fa fa-bitcoin"
            />
             
          </span>,
        ],
        "className": "monto-total",
      },
      "ref": null,
      "rendered": Array [
        Object {
          "instance": null,
          "key": undefined,
          "nodeType": "host",
          "props": Object {
            "children": "Monto actual",
          },
          "ref": null,
          "rendered": "Monto actual",
          "type": "span",
        },
        Object {
          "instance": null,
          "key": undefined,
          "nodeType": "host",
          "props": Object {
            "children": Array [
              <i
                className="fa fa-bitcoin"
              />,
              " ",
              undefined,
            ],
            "className": "monto t-azul",
          },
          "ref": null,
          "rendered": Array [
            Object {
              "instance": null,
              "key": undefined,
              "nodeType": "host",
              "props": Object {
                "className": "fa fa-bitcoin",
              },
              "ref": null,
              "rendered": null,
              "type": "i",
            },
            " ",
            undefined,
          ],
          "type": "span",
        },
      ],
      "type": "div",
    },
  ],
  Symbol(enzyme.__options__): Object {
    "adapter": ReactSixteenAdapter {
      "options": Object {
        "enableComponentDidUpdateOnSetState": true,
        "lifecycles": Object {
          "componentDidUpdate": Object {
            "onSetState": true,
          },
          "getDerivedStateFromProps": true,
          "getSnapshotBeforeUpdate": true,
          "setState": Object {
            "skipsComponentDidUpdateOnNullish": true,
          },
        },
      },
    },
    "disableLifecycleMethods": true,
  },
}
`;
