// Jest Snapshot v1, https://goo.gl/fbAQLP

exports[`SendBtc renderiza sin problemas 1`] = `
ShallowWrapper {
  Symbol(enzyme.__root__): [Circular],
  Symbol(enzyme.__unrendered__): <SendBtc />,
  Symbol(enzyme.__renderer__): Object {
    "batchedUpdates": [Function],
    "getNode": [Function],
    "render": [Function],
    "simulateError": [Function],
    "simulateEvent": [Function],
    "unmount": [Function],
  },
  Symbol(enzyme.__node__): Object {
    "instance": null,
    "key": undefined,
    "nodeType": "host",
    "props": Object {
      "children": Array [
        <MontoTotal
          totalAmount={2000}
        />,
        <form
          id="form"
          onSubmit={[Function]}
        >
          <div
            className="form-group"
          >
            <label>
              Address BTC
            </label>
            <input
              className="input"
              name="address"
              onChange={[Function]}
              placeholder="address btc"
              value=""
            />
          </div>
          <div
            className="form-group"
          >
            <label>
              Amount to send
            </label>
            <input
              className="input"
              name="amount"
              onChange={[Function]}
              placeholder="amount to send"
              value={0}
            />
            <small>
              Fee: 
              0.00032
            </small>
          </div>
          <button
            className="button btn-azul submit"
            type="submit"
          >
            Enviar
          </button>
        </form>,
        Array [],
      ],
      "className": "container",
    },
    "ref": null,
    "rendered": Array [
      Object {
        "instance": null,
        "key": undefined,
        "nodeType": "function",
        "props": Object {
          "totalAmount": 2000,
        },
        "ref": null,
        "rendered": null,
        "type": [Function],
      },
      Object {
        "instance": null,
        "key": undefined,
        "nodeType": "host",
        "props": Object {
          "children": Array [
            <div
              className="form-group"
            >
              <label>
                Address BTC
              </label>
              <input
                className="input"
                name="address"
                onChange={[Function]}
                placeholder="address btc"
                value=""
              />
            </div>,
            <div
              className="form-group"
            >
              <label>
                Amount to send
              </label>
              <input
                className="input"
                name="amount"
                onChange={[Function]}
                placeholder="amount to send"
                value={0}
              />
              <small>
                Fee: 
                0.00032
              </small>
            </div>,
            <button
              className="button btn-azul submit"
              type="submit"
            >
              Enviar
            </button>,
          ],
          "id": "form",
          "onSubmit": [Function],
        },
        "ref": null,
        "rendered": Array [
          Object {
            "instance": null,
            "key": undefined,
            "nodeType": "host",
            "props": Object {
              "children": Array [
                <label>
                  Address BTC
                </label>,
                <input
                  className="input"
                  name="address"
                  onChange={[Function]}
                  placeholder="address btc"
                  value=""
                />,
              ],
              "className": "form-group",
            },
            "ref": null,
            "rendered": Array [
              Object {
                "instance": null,
                "key": undefined,
                "nodeType": "host",
                "props": Object {
                  "children": "Address BTC",
                },
                "ref": null,
                "rendered": "Address BTC",
                "type": "label",
              },
              Object {
                "instance": null,
                "key": undefined,
                "nodeType": "host",
                "props": Object {
                  "className": "input",
                  "name": "address",
                  "onChange": [Function],
                  "placeholder": "address btc",
                  "value": "",
                },
                "ref": null,
                "rendered": null,
                "type": "input",
              },
            ],
            "type": "div",
          },
          Object {
            "instance": null,
            "key": undefined,
            "nodeType": "host",
            "props": Object {
              "children": Array [
                <label>
                  Amount to send
                </label>,
                <input
                  className="input"
                  name="amount"
                  onChange={[Function]}
                  placeholder="amount to send"
                  value={0}
                />,
                <small>
                  Fee: 
                  0.00032
                </small>,
              ],
              "className": "form-group",
            },
            "ref": null,
            "rendered": Array [
              Object {
                "instance": null,
                "key": undefined,
                "nodeType": "host",
                "props": Object {
                  "children": "Amount to send",
                },
                "ref": null,
                "rendered": "Amount to send",
                "type": "label",
              },
              Object {
                "instance": null,
                "key": undefined,
                "nodeType": "host",
                "props": Object {
                  "className": "input",
                  "name": "amount",
                  "onChange": [Function],
                  "placeholder": "amount to send",
                  "value": 0,
                },
                "ref": null,
                "rendered": null,
                "type": "input",
              },
              Object {
                "instance": null,
                "key": undefined,
                "nodeType": "host",
                "props": Object {
                  "children": Array [
                    "Fee: ",
                    0.00032,
                  ],
                },
                "ref": null,
                "rendered": Array [
                  "Fee: ",
                  0.00032,
                ],
                "type": "small",
              },
            ],
            "type": "div",
          },
          Object {
            "instance": null,
            "key": undefined,
            "nodeType": "host",
            "props": Object {
              "children": "Enviar",
              "className": "button btn-azul submit",
              "type": "submit",
            },
            "ref": null,
            "rendered": "Enviar",
            "type": "button",
          },
        ],
        "type": "form",
      },
    ],
    "type": "div",
  },
  Symbol(enzyme.__nodes__): Array [
    Object {
      "instance": null,
      "key": undefined,
      "nodeType": "host",
      "props": Object {
        "children": Array [
          <MontoTotal
            totalAmount={2000}
          />,
          <form
            id="form"
            onSubmit={[Function]}
          >
            <div
              className="form-group"
            >
              <label>
                Address BTC
              </label>
              <input
                className="input"
                name="address"
                onChange={[Function]}
                placeholder="address btc"
                value=""
              />
            </div>
            <div
              className="form-group"
            >
              <label>
                Amount to send
              </label>
              <input
                className="input"
                name="amount"
                onChange={[Function]}
                placeholder="amount to send"
                value={0}
              />
              <small>
                Fee: 
                0.00032
              </small>
            </div>
            <button
              className="button btn-azul submit"
              type="submit"
            >
              Enviar
            </button>
          </form>,
          Array [],
        ],
        "className": "container",
      },
      "ref": null,
      "rendered": Array [
        Object {
          "instance": null,
          "key": undefined,
          "nodeType": "function",
          "props": Object {
            "totalAmount": 2000,
          },
          "ref": null,
          "rendered": null,
          "type": [Function],
        },
        Object {
          "instance": null,
          "key": undefined,
          "nodeType": "host",
          "props": Object {
            "children": Array [
              <div
                className="form-group"
              >
                <label>
                  Address BTC
                </label>
                <input
                  className="input"
                  name="address"
                  onChange={[Function]}
                  placeholder="address btc"
                  value=""
                />
              </div>,
              <div
                className="form-group"
              >
                <label>
                  Amount to send
                </label>
                <input
                  className="input"
                  name="amount"
                  onChange={[Function]}
                  placeholder="amount to send"
                  value={0}
                />
                <small>
                  Fee: 
                  0.00032
                </small>
              </div>,
              <button
                className="button btn-azul submit"
                type="submit"
              >
                Enviar
              </button>,
            ],
            "id": "form",
            "onSubmit": [Function],
          },
          "ref": null,
          "rendered": Array [
            Object {
              "instance": null,
              "key": undefined,
              "nodeType": "host",
              "props": Object {
                "children": Array [
                  <label>
                    Address BTC
                  </label>,
                  <input
                    className="input"
                    name="address"
                    onChange={[Function]}
                    placeholder="address btc"
                    value=""
                  />,
                ],
                "className": "form-group",
              },
              "ref": null,
              "rendered": Array [
                Object {
                  "instance": null,
                  "key": undefined,
                  "nodeType": "host",
                  "props": Object {
                    "children": "Address BTC",
                  },
                  "ref": null,
                  "rendered": "Address BTC",
                  "type": "label",
                },
                Object {
                  "instance": null,
                  "key": undefined,
                  "nodeType": "host",
                  "props": Object {
                    "className": "input",
                    "name": "address",
                    "onChange": [Function],
                    "placeholder": "address btc",
                    "value": "",
                  },
                  "ref": null,
                  "rendered": null,
                  "type": "input",
                },
              ],
              "type": "div",
            },
            Object {
              "instance": null,
              "key": undefined,
              "nodeType": "host",
              "props": Object {
                "children": Array [
                  <label>
                    Amount to send
                  </label>,
                  <input
                    className="input"
                    name="amount"
                    onChange={[Function]}
                    placeholder="amount to send"
                    value={0}
                  />,
                  <small>
                    Fee: 
                    0.00032
                  </small>,
                ],
                "className": "form-group",
              },
              "ref": null,
              "rendered": Array [
                Object {
                  "instance": null,
                  "key": undefined,
                  "nodeType": "host",
                  "props": Object {
                    "children": "Amount to send",
                  },
                  "ref": null,
                  "rendered": "Amount to send",
                  "type": "label",
                },
                Object {
                  "instance": null,
                  "key": undefined,
                  "nodeType": "host",
                  "props": Object {
                    "className": "input",
                    "name": "amount",
                    "onChange": [Function],
                    "placeholder": "amount to send",
                    "value": 0,
                  },
                  "ref": null,
                  "rendered": null,
                  "type": "input",
                },
                Object {
                  "instance": null,
                  "key": undefined,
                  "nodeType": "host",
                  "props": Object {
                    "children": Array [
                      "Fee: ",
                      0.00032,
                    ],
                  },
                  "ref": null,
                  "rendered": Array [
                    "Fee: ",
                    0.00032,
                  ],
                  "type": "small",
                },
              ],
              "type": "div",
            },
            Object {
              "instance": null,
              "key": undefined,
              "nodeType": "host",
              "props": Object {
                "children": "Enviar",
                "className": "button btn-azul submit",
                "type": "submit",
              },
              "ref": null,
              "rendered": "Enviar",
              "type": "button",
            },
          ],
          "type": "form",
        },
      ],
      "type": "div",
    },
  ],
  Symbol(enzyme.__options__): Object {
    "adapter": ReactSixteenAdapter {
      "options": Object {
        "enableComponentDidUpdateOnSetState": true,
        "lifecycles": Object {
          "componentDidUpdate": Object {
            "onSetState": true,
          },
          "getDerivedStateFromProps": true,
          "getSnapshotBeforeUpdate": true,
          "setState": Object {
            "skipsComponentDidUpdateOnNullish": true,
          },
        },
      },
    },
    "disableLifecycleMethods": true,
  },
}
`;
